[1767525901.804][INFO]: Starting ChromeDriver 143.0.7499.169 (164b20aab62509dad21fd46383951aeec084ad1e-refs/branch-heads/7499@{#3399}) on port 47714
[1767525901.804][INFO]: Please see https://chromedriver.chromium.org/security-considerations for suggestions on keeping ChromeDriver safe.
[1767525901.810][INFO]: ChromeDriver was started successfully on port 47714
[1767525902.470][INFO]: [5b79c8d9c3ecc860623d20674c4e003d] COMMAND InitSession {
   "capabilities": {
      "firstMatch": [ {
         "browserName": "chrome",
         "goog:chromeOptions": {
            "args": [  ],
            "extensions": [  ]
         },
         "goog:loggingPrefs": {
            "browser": "ALL",
            "driver": "ALL"
         }
      } ]
   }
}
[1767525902.471][INFO]: Browser search. Trying... C:\Users\TEJASWINI\.cache\selenium\chromedriver\win64\143.0.7499.169\chrome.exe
[1767525902.472][INFO]: Browser search. Trying... C:\Users\TEJASWINI\.cache\selenium\chromedriver\win64\143.0.7499.169\chrome.exe
[1767525902.472][INFO]: Browser search. Trying... C:\Users\TEJASWINI\.cache\selenium\chromedriver\win64\143.0.7499.169\chromium.exe
[1767525902.474][INFO]: Browser search. Trying... C:\Users\TEJASWINI\AppData\Local\Google\Chrome\Application\chrome.exe
[1767525902.474][INFO]: Browser search. Trying... C:\Program Files\Google\Chrome\Application\chrome.exe
[1767525902.474][INFO]: Browser search. Found at  C:\Program Files\Google\Chrome\Application\chrome.exe
[1767525902.478][INFO]: Populating Preferences file: {
   "alternate_error_pages": {
      "enabled": false
   },
   "autofill": {
      "enabled": false
   },
   "browser": {
      "check_default_browser": false
   },
   "distribution": {
      "import_bookmarks": false,
      "import_history": false,
      "import_search_engine": false,
      "make_chrome_default_for_user": false,
      "skip_first_run_ui": true
   },
   "dns_prefetching": {
      "enabled": false
   },
   "profile": {
      "content_settings": {
         "pattern_pairs": {
            "https://*,*": {
               "media-stream": {
                  "audio": "Default",
                  "video": "Default"
               }
            }
         }
      },
      "default_content_setting_values": {
         "geolocation": 1
      },
      "default_content_settings": {
         "geolocation": 1,
         "mouselock": 1,
         "notifications": 1,
         "popups": 1,
         "ppapi-broker": 1
      },
      "password_manager_enabled": false
   },
   "safebrowsing": {
      "enabled": false
   },
   "search": {
      "suggest_enabled": false
   },
   "translate": {
      "enabled": false
   }
}
[1767525902.479][INFO]: Populating Local State file: {
   "background_mode": {
      "enabled": false
   },
   "ssl": {
      "rev_checking": {
         "enabled": false
      }
   }
}
[1767525902.482][INFO]: ChromeDriver supports communication with Chrome via pipes. This is more reliable and more secure.
[1767525902.482][INFO]: Use the --remote-debugging-pipe Chrome switch instead of the default --remote-debugging-port to enable this communication mode.
[1767525902.511][INFO]: Launching chrome: "C:\Program Files\Google\Chrome\Application\chrome.exe" --allow-pre-commit-input --disable-background-networking --disable-backgrounding-occluded-windows --disable-client-side-phishing-detection --disable-default-apps --disable-features=IgnoreDuplicateNavs,Prewarm --disable-hang-monitor --disable-popup-blocking --disable-prompt-on-repost --disable-sync --enable-automation --enable-logging --log-level=0 --no-first-run --no-service-autorun --password-store=basic --remote-debugging-port=0 --test-type=webdriver --use-mock-keychain --user-data-dir="C:\Users\TEJASW~1\AppData\Local\Temp\scoped_dir9684_1215941939" data:,
[1767525903.251][INFO]: resolved localhost to ["::1","127.0.0.1"]
[1767525903.258][INFO]: [5b79c8d9c3ecc860623d20674c4e003d] RESPONSE InitSession {
   "capabilities": {
      "acceptInsecureCerts": false,
      "browserName": "chrome",
      "browserVersion": "143.0.7499.170",
      "chrome": {
         "chromedriverVersion": "143.0.7499.169 (164b20aab62509dad21fd46383951aeec084ad1e-refs/branch-heads/7499@{#3399})",
         "userDataDir": "C:\\Users\\TEJASW~1\\AppData\\Local\\Temp\\scoped_dir9684_1215941939"
      },
      "fedcm:accounts": true,
      "goog:chromeOptions": {
         "debuggerAddress": "localhost:56555"
      },
      "goog:processID": 27952,
      "networkConnectionEnabled": false,
      "pageLoadStrategy": "normal",
      "platformName": "windows",
      "proxy": {
      },
      "setWindowRect": true,
      "strictFileInteractability": false,
      "timeouts": {
         "implicit": 0,
         "pageLoad": 300000,
         "script": 30000
      },
      "unhandledPromptBehavior": "dismiss and notify",
      "webauthn:extension:credBlob": true,
      "webauthn:extension:largeBlob": true,
      "webauthn:extension:minPinLength": true,
      "webauthn:extension:prf": true,
      "~~~": "..."
   },
   "sessionId": "5b79c8d9c3ecc860623d20674c4e003d"
}
[1767525903.394][INFO]: [5b79c8d9c3ecc860623d20674c4e003d] COMMAND MaximizeWindow {
}
[1767525903.394][INFO]: Waiting for pending navigations...
[1767525903.398][INFO]: Done waiting for pending navigations. Status: ok
[1767525903.444][INFO]: Waiting for pending navigations...
[1767525903.446][INFO]: Done waiting for pending navigations. Status: ok
[1767525903.446][INFO]: [5b79c8d9c3ecc860623d20674c4e003d] RESPONSE MaximizeWindow {
   "height": 832,
   "width": 1552,
   "x": -7,
   "y": -7
}
[1767525903.453][INFO]: [5b79c8d9c3ecc860623d20674c4e003d] COMMAND Navigate {
   "url": "https://www.google.com"
}
[1767525903.453][INFO]: Waiting for pending navigations...
[1767525903.454][INFO]: Done waiting for pending navigations. Status: ok
[1767525903.607][INFO]: Waiting for pending navigations...
[1767525904.205][INFO]: Done waiting for pending navigations. Status: ok
[1767525904.205][INFO]: [5b79c8d9c3ecc860623d20674c4e003d] RESPONSE Navigate
[1767525904.215][INFO]: [5b79c8d9c3ecc860623d20674c4e003d] COMMAND SetTimeouts {
   "implicit": 30000
}
[1767525904.215][INFO]: [5b79c8d9c3ecc860623d20674c4e003d] RESPONSE SetTimeouts
[1767525904.223][INFO]: [5b79c8d9c3ecc860623d20674c4e003d] COMMAND Navigate {
   "url": "https://xflix-qa.vercel.app/"
}
[1767525904.223][INFO]: Waiting for pending navigations...
[1767525904.226][INFO]: Done waiting for pending navigations. Status: ok
[1767525904.730][INFO]: Waiting for pending navigations...
[1767525905.353][INFO]: Done waiting for pending navigations. Status: ok
[1767525905.353][INFO]: [5b79c8d9c3ecc860623d20674c4e003d] RESPONSE Navigate
[1767525905.360][INFO]: [5b79c8d9c3ecc860623d20674c4e003d] COMMAND GetUrl {
}
[1767525905.360][INFO]: Waiting for pending navigations...
[1767525905.362][INFO]: Done waiting for pending navigations. Status: ok
[1767525905.370][INFO]: Waiting for pending navigations...
[1767525905.372][INFO]: Done waiting for pending navigations. Status: ok
[1767525905.372][INFO]: [5b79c8d9c3ecc860623d20674c4e003d] RESPONSE GetUrl "https://xflix-qa.vercel.app/"
[1767525905.379][INFO]: [5b79c8d9c3ecc860623d20674c4e003d] COMMAND FindElement {
   "using": "css selector",
   "value": ".search\\-input"
}
[1767525905.379][INFO]: Waiting for pending navigations...
[1767525905.381][INFO]: Done waiting for pending navigations. Status: ok
[1767525905.395][INFO]: Waiting for pending navigations...
[1767525905.397][INFO]: Done waiting for pending navigations. Status: ok
[1767525905.397][INFO]: [5b79c8d9c3ecc860623d20674c4e003d] RESPONSE FindElement {
   "element-6066-11e4-a52e-4f735466cecf": "f.EBD0AB8C9EB7141964FB3CA76E1678D3.d.479AB94C622B2BD17DE798FF7FE869F9.e.2"
}
[1767525905.408][INFO]: [5b79c8d9c3ecc860623d20674c4e003d] COMMAND TypeElement {
   "id": "f.EBD0AB8C9EB7141964FB3CA76E1678D3.d.479AB94C622B2BD17DE798FF7FE869F9.e.2",
   "text": "frameworks",
   "value": [ "f", "r", "a", "m", "e", "w", "o", "r", "k", "s" ]
}
[1767525905.408][INFO]: Waiting for pending navigations...
[1767525905.409][INFO]: Done waiting for pending navigations. Status: ok
[1767525905.558][INFO]: Waiting for pending navigations...
[1767525905.565][INFO]: Done waiting for pending navigations. Status: ok
[1767525905.565][INFO]: [5b79c8d9c3ecc860623d20674c4e003d] RESPONSE TypeElement
[1767525905.572][INFO]: [5b79c8d9c3ecc860623d20674c4e003d] COMMAND FindElements {
   "using": "css selector",
   "value": ".video\\-card"
}
[1767525905.572][INFO]: Waiting for pending navigations...
[1767525905.574][INFO]: Done waiting for pending navigations. Status: ok
[1767525905.585][INFO]: Waiting for pending navigations...
[1767525905.587][INFO]: Done waiting for pending navigations. Status: ok
[1767525905.587][INFO]: [5b79c8d9c3ecc860623d20674c4e003d] RESPONSE FindElements [ {
   "element-6066-11e4-a52e-4f735466cecf": "f.EBD0AB8C9EB7141964FB3CA76E1678D3.d.479AB94C622B2BD17DE798FF7FE869F9.e.7"
} ]
[1767525905.592][INFO]: [5b79c8d9c3ecc860623d20674c4e003d] COMMAND ClearElement {
   "id": "f.EBD0AB8C9EB7141964FB3CA76E1678D3.d.479AB94C622B2BD17DE798FF7FE869F9.e.2"
}
[1767525905.593][INFO]: Waiting for pending navigations...
[1767525905.593][INFO]: Done waiting for pending navigations. Status: ok
[1767525905.635][INFO]: 
	=== NOTE: ===
	The Clear command in ChromeDriver 2.43 and above
	has been updated to conform to the current standard,
	including raising blur event after clearing.

[1767525905.650][INFO]: Waiting for pending navigations...
[1767525905.654][INFO]: Done waiting for pending navigations. Status: ok
[1767525905.654][INFO]: [5b79c8d9c3ecc860623d20674c4e003d] RESPONSE ClearElement
[1767525905.660][INFO]: [5b79c8d9c3ecc860623d20674c4e003d] COMMAND TypeElement {
   "id": "f.EBD0AB8C9EB7141964FB3CA76E1678D3.d.479AB94C622B2BD17DE798FF7FE869F9.e.2",
   "text": "selenium",
   "value": [ "s", "e", "l", "e", "n", "i", "u", "m" ]
}
[1767525905.660][INFO]: Waiting for pending navigations...
[1767525905.661][INFO]: Done waiting for pending navigations. Status: ok
[1767525905.737][INFO]: Waiting for pending navigations...
[1767525905.741][INFO]: Done waiting for pending navigations. Status: ok
[1767525905.741][INFO]: [5b79c8d9c3ecc860623d20674c4e003d] RESPONSE TypeElement
[1767525905.747][INFO]: [5b79c8d9c3ecc860623d20674c4e003d] COMMAND FindElements {
   "using": "css selector",
   "value": ".video\\-card"
}
[1767525905.747][INFO]: Waiting for pending navigations...
[1767525905.748][INFO]: Done waiting for pending navigations. Status: ok
[1767525935.757][INFO]: Waiting for pending navigations...
[1767525935.759][INFO]: Done waiting for pending navigations. Status: ok
[1767525935.759][INFO]: [5b79c8d9c3ecc860623d20674c4e003d] RESPONSE FindElements [  ]
[1767525935.766][INFO]: [5b79c8d9c3ecc860623d20674c4e003d] COMMAND FindElement {
   "using": "css selector",
   "value": ".no\\-search\\-txt"
}
[1767525935.767][INFO]: Waiting for pending navigations...
[1767525935.769][INFO]: Done waiting for pending navigations. Status: ok
[1767525935.782][INFO]: Waiting for pending navigations...
[1767525935.784][INFO]: Done waiting for pending navigations. Status: ok
[1767525935.784][INFO]: [5b79c8d9c3ecc860623d20674c4e003d] RESPONSE FindElement {
   "element-6066-11e4-a52e-4f735466cecf": "f.EBD0AB8C9EB7141964FB3CA76E1678D3.d.479AB94C622B2BD17DE798FF7FE869F9.e.25"
}
[1767525935.790][INFO]: [5b79c8d9c3ecc860623d20674c4e003d] COMMAND GetElementText {
   "id": "f.EBD0AB8C9EB7141964FB3CA76E1678D3.d.479AB94C622B2BD17DE798FF7FE869F9.e.25"
}
[1767525935.790][INFO]: Waiting for pending navigations...
[1767525935.791][INFO]: Done waiting for pending navigations. Status: ok
[1767525935.810][INFO]: Waiting for pending navigations...
[1767525935.811][INFO]: Done waiting for pending navigations. Status: ok
[1767525935.811][INFO]: [5b79c8d9c3ecc860623d20674c4e003d] RESPONSE GetElementText "No Search is found :( . Please try searching some other movies."
[1767525935.816][INFO]: [5b79c8d9c3ecc860623d20674c4e003d] COMMAND Refresh {
}
[1767525935.816][INFO]: Waiting for pending navigations...
[1767525935.817][INFO]: Done waiting for pending navigations. Status: ok
[1767525935.820][INFO]: Waiting for pending navigations...
[1767525936.014][INFO]: Done waiting for pending navigations. Status: ok
[1767525936.014][INFO]: [5b79c8d9c3ecc860623d20674c4e003d] RESPONSE Refresh
[1767525936.019][INFO]: [5b79c8d9c3ecc860623d20674c4e003d] COMMAND FindElements {
   "using": "css selector",
   "value": ".video\\-title"
}
[1767525936.019][INFO]: Waiting for pending navigations...
[1767525936.022][INFO]: Done waiting for pending navigations. Status: ok
[1767525936.038][INFO]: Waiting for pending navigations...
[1767525936.039][INFO]: Done waiting for pending navigations. Status: ok
[1767525936.039][INFO]: [5b79c8d9c3ecc860623d20674c4e003d] RESPONSE FindElements [ {
   "element-6066-11e4-a52e-4f735466cecf": "f.EBD0AB8C9EB7141964FB3CA76E1678D3.d.C1B661E89BE5C4D2D99911A0F30AB549.e.42"
}, {
   "element-6066-11e4-a52e-4f735466cecf": "f.EBD0AB8C9EB7141964FB3CA76E1678D3.d.C1B661E89BE5C4D2D99911A0F30AB549.e.43"
}, {
   "element-6066-11e4-a52e-4f735466cecf": "f.EBD0AB8C9EB7141964FB3CA76E1678D3.d.C1B661E89BE5C4D2D99911A0F30AB549.e.44"
}, {
   "element-6066-11e4-a52e-4f735466cecf": "f.EBD0AB8C9EB7141964FB3CA76E1678D3.d.C1B661E89BE5C4D2D99911A0F30AB549.e.31"
}, {
   "element-6066-11e4-a52e-4f735466cecf": "f.EBD0AB8C9EB7141964FB3CA76E1678D3.d.C1B661E89BE5C4D2D99911A0F30AB549.e.33"
}, {
   "element-6066-11e4-a52e-4f735466cecf": "f.EBD0AB8C9EB7141964FB3CA76E1678D3.d.C1B661E89BE5C4D2D99911A0F30AB549.e.45"
}, {
   "element-6066-11e4-a52e-4f735466cecf": "f.EBD0AB8C9EB7141964FB3CA76E1678D3.d.C1B661E89BE5C4D2D99911A0F30AB549.e.46"
}, {
   "element-6066-11e4-a52e-4f735466cecf": "f.EBD0AB8C9EB7141964FB3CA76E1678D3.d.C1B661E89BE5C4D2D99911A0F30AB549.e.47"
}, {
   "element-6066-11e4-a52e-4f735466cecf": "f.EBD0AB8C9EB7141964FB3CA76E1678D3.d.C1B661E89BE5C4D2D99911A0F30AB549.e.48"
}, {
   "element-6066-11e4-a52e-4f735466cecf": "f.EBD0AB8C9EB7141964FB3CA76E1678D3.d.C1B661E89BE5C4D2D99911A0F30AB549.e.49"
}, {
   "element-6066-11e4-a52e-4f735466cecf": "f.EBD0AB8C9EB7141964FB3CA76E1678D3.d.C1B661E89BE5C4D2D99911A0F30AB549.e.50"
}, {
   "element-6066-11e4-a52e-4f735466cecf": "f.EBD0AB8C9EB7141964FB3CA76E1678D3.d.C1B661E89BE5C4D2D99911A0F30AB549.e.51"
}, {
   "element-6066-11e4-a52e-4f735466cecf": "f.EBD0AB8C9EB7141964FB3CA76E1678D3.d.C1B661E89BE5C4D2D99911A0F30AB549.e.52"
}, {
   "element-6066-11e4-a52e-4f735466cecf": "f.EBD0AB8C9EB7141964FB3CA76E1678D3.d.C1B661E89BE5C4D2D99911A0F30AB549.e.53"
}, {
   "element-6066-11e4-a52e-4f735466cecf": "f.EBD0AB8C9EB7141964FB3CA76E1678D3.d.C1B661E89BE5C4D2D99911A0F30AB549.e.54"
}, {
   "element-6066-11e4-a52e-4f735466cecf": "f.EBD0AB8C9EB7141964FB3CA76E1678D3.d.C1B661E89BE5C4D2D99911A0F30AB549.e.55"
}, {
   "element-6066-11e4-a52e-4f735466cecf": "f.EBD0AB8C9EB7141964FB3CA76E1678D3.d.C1B661E89BE5C4D2D99911A0F30AB549.e.56"
}, {
   "element-6066-11e4-a52e-4f735466cecf": "f.EBD0AB8C9EB7141964FB3CA76E1678D3.d.C1B661E89BE5C4D2D99911A0F30AB549.e.57"
}, {
   "element-6066-11e4-a52e-4f735466cecf": "f.EBD0AB8C9EB7141964FB3CA76E1678D3.d.C1B661E89BE5C4D2D99911A0F30AB549.e.58"
}, "..." ]
[1767525936.044][INFO]: [5b79c8d9c3ecc860623d20674c4e003d] COMMAND FindElement {
   "using": "css selector",
   "value": "#sortBySelect"
}
[1767525936.044][INFO]: Waiting for pending navigations...
[1767525936.045][INFO]: Done waiting for pending navigations. Status: ok
[1767525936.058][INFO]: Waiting for pending navigations...
[1767525936.061][INFO]: Done waiting for pending navigations. Status: ok
[1767525936.061][INFO]: [5b79c8d9c3ecc860623d20674c4e003d] RESPONSE FindElement {
   "element-6066-11e4-a52e-4f735466cecf": "f.EBD0AB8C9EB7141964FB3CA76E1678D3.d.C1B661E89BE5C4D2D99911A0F30AB549.e.73"
}
[1767525936.068][INFO]: [5b79c8d9c3ecc860623d20674c4e003d] COMMAND GetElementTagName {
   "id": "f.EBD0AB8C9EB7141964FB3CA76E1678D3.d.C1B661E89BE5C4D2D99911A0F30AB549.e.73"
}
[1767525936.068][INFO]: Waiting for pending navigations...
[1767525936.070][INFO]: Done waiting for pending navigations. Status: ok
[1767525936.078][INFO]: Waiting for pending navigations...
[1767525936.079][INFO]: Done waiting for pending navigations. Status: ok
[1767525936.079][INFO]: [5b79c8d9c3ecc860623d20674c4e003d] RESPONSE GetElementTagName "select"
[1767525936.083][INFO]: [5b79c8d9c3ecc860623d20674c4e003d] COMMAND GetElementAttribute {
   "id": "f.EBD0AB8C9EB7141964FB3CA76E1678D3.d.C1B661E89BE5C4D2D99911A0F30AB549.e.73",
   "name": "multiple"
}
[1767525936.083][INFO]: Waiting for pending navigations...
[1767525936.087][INFO]: Done waiting for pending navigations. Status: ok
[1767525936.092][INFO]: Waiting for pending navigations...
[1767525936.093][INFO]: Done waiting for pending navigations. Status: ok
[1767525936.093][INFO]: [5b79c8d9c3ecc860623d20674c4e003d] RESPONSE GetElementAttribute null
[1767525936.097][INFO]: [5b79c8d9c3ecc860623d20674c4e003d] COMMAND IsElementEnabled {
   "id": "f.EBD0AB8C9EB7141964FB3CA76E1678D3.d.C1B661E89BE5C4D2D99911A0F30AB549.e.73"
}
[1767525936.097][INFO]: Waiting for pending navigations...
[1767525936.098][INFO]: Done waiting for pending navigations. Status: ok
[1767525936.103][INFO]: Waiting for pending navigations...
[1767525936.104][INFO]: Done waiting for pending navigations. Status: ok
[1767525936.104][INFO]: [5b79c8d9c3ecc860623d20674c4e003d] RESPONSE IsElementEnabled true
[1767525936.109][INFO]: [5b79c8d9c3ecc860623d20674c4e003d] COMMAND FindChildElements {
   "id": "f.EBD0AB8C9EB7141964FB3CA76E1678D3.d.C1B661E89BE5C4D2D99911A0F30AB549.e.73",
   "using": "xpath",
   "value": ".//option[normalize-space(.) = \"Sort By: View Count\"]"
}
[1767525936.109][INFO]: Waiting for pending navigations...
[1767525936.110][INFO]: Done waiting for pending navigations. Status: ok
[1767525936.122][INFO]: Waiting for pending navigations...
[1767525936.123][INFO]: Done waiting for pending navigations. Status: ok
[1767525936.123][INFO]: [5b79c8d9c3ecc860623d20674c4e003d] RESPONSE FindChildElements [ {
   "element-6066-11e4-a52e-4f735466cecf": "f.EBD0AB8C9EB7141964FB3CA76E1678D3.d.C1B661E89BE5C4D2D99911A0F30AB549.e.82"
} ]
[1767525936.127][INFO]: [5b79c8d9c3ecc860623d20674c4e003d] COMMAND IsElementEnabled {
   "id": "f.EBD0AB8C9EB7141964FB3CA76E1678D3.d.C1B661E89BE5C4D2D99911A0F30AB549.e.82"
}
[1767525936.127][INFO]: Waiting for pending navigations...
[1767525936.129][INFO]: Done waiting for pending navigations. Status: ok
[1767525936.136][INFO]: Waiting for pending navigations...
[1767525936.137][INFO]: Done waiting for pending navigations. Status: ok
[1767525936.137][INFO]: [5b79c8d9c3ecc860623d20674c4e003d] RESPONSE IsElementEnabled true
[1767525936.140][INFO]: [5b79c8d9c3ecc860623d20674c4e003d] COMMAND IsElementSelected {
   "id": "f.EBD0AB8C9EB7141964FB3CA76E1678D3.d.C1B661E89BE5C4D2D99911A0F30AB549.e.82"
}
[1767525936.140][INFO]: Waiting for pending navigations...
[1767525936.141][INFO]: Done waiting for pending navigations. Status: ok
[1767525936.156][INFO]: Waiting for pending navigations...
[1767525936.157][INFO]: Done waiting for pending navigations. Status: ok
[1767525936.157][INFO]: [5b79c8d9c3ecc860623d20674c4e003d] RESPONSE IsElementSelected false
[1767525936.160][INFO]: [5b79c8d9c3ecc860623d20674c4e003d] COMMAND ClickElement {
   "id": "f.EBD0AB8C9EB7141964FB3CA76E1678D3.d.C1B661E89BE5C4D2D99911A0F30AB549.e.82"
}
[1767525936.160][INFO]: Waiting for pending navigations...
[1767525936.162][INFO]: Done waiting for pending navigations. Status: ok
[1767525936.190][INFO]: Waiting for pending navigations...
[1767525936.192][INFO]: Done waiting for pending navigations. Status: ok
[1767525936.192][INFO]: [5b79c8d9c3ecc860623d20674c4e003d] RESPONSE ClickElement
[1767525936.196][INFO]: [5b79c8d9c3ecc860623d20674c4e003d] COMMAND FindElements {
   "using": "css selector",
   "value": ".video\\-title"
}
[1767525936.197][INFO]: Waiting for pending navigations...
[1767525936.198][INFO]: Done waiting for pending navigations. Status: ok
[1767525936.206][INFO]: Waiting for pending navigations...
[1767525936.207][INFO]: Done waiting for pending navigations. Status: ok
[1767525936.207][INFO]: [5b79c8d9c3ecc860623d20674c4e003d] RESPONSE FindElements [ {
   "element-6066-11e4-a52e-4f735466cecf": "f.EBD0AB8C9EB7141964FB3CA76E1678D3.d.C1B661E89BE5C4D2D99911A0F30AB549.e.65"
}, {
   "element-6066-11e4-a52e-4f735466cecf": "f.EBD0AB8C9EB7141964FB3CA76E1678D3.d.C1B661E89BE5C4D2D99911A0F30AB549.e.57"
}, {
   "element-6066-11e4-a52e-4f735466cecf": "f.EBD0AB8C9EB7141964FB3CA76E1678D3.d.C1B661E89BE5C4D2D99911A0F30AB549.e.49"
}, {
   "element-6066-11e4-a52e-4f735466cecf": "f.EBD0AB8C9EB7141964FB3CA76E1678D3.d.C1B661E89BE5C4D2D99911A0F30AB549.e.55"
}, {
   "element-6066-11e4-a52e-4f735466cecf": "f.EBD0AB8C9EB7141964FB3CA76E1678D3.d.C1B661E89BE5C4D2D99911A0F30AB549.e.66"
}, {
   "element-6066-11e4-a52e-4f735466cecf": "f.EBD0AB8C9EB7141964FB3CA76E1678D3.d.C1B661E89BE5C4D2D99911A0F30AB549.e.69"
}, {
   "element-6066-11e4-a52e-4f735466cecf": "f.EBD0AB8C9EB7141964FB3CA76E1678D3.d.C1B661E89BE5C4D2D99911A0F30AB549.e.45"
}, {
   "element-6066-11e4-a52e-4f735466cecf": "f.EBD0AB8C9EB7141964FB3CA76E1678D3.d.C1B661E89BE5C4D2D99911A0F30AB549.e.63"
}, {
   "element-6066-11e4-a52e-4f735466cecf": "f.EBD0AB8C9EB7141964FB3CA76E1678D3.d.C1B661E89BE5C4D2D99911A0F30AB549.e.54"
}, {
   "element-6066-11e4-a52e-4f735466cecf": "f.EBD0AB8C9EB7141964FB3CA76E1678D3.d.C1B661E89BE5C4D2D99911A0F30AB549.e.67"
}, {
   "element-6066-11e4-a52e-4f735466cecf": "f.EBD0AB8C9EB7141964FB3CA76E1678D3.d.C1B661E89BE5C4D2D99911A0F30AB549.e.53"
}, {
   "element-6066-11e4-a52e-4f735466cecf": "f.EBD0AB8C9EB7141964FB3CA76E1678D3.d.C1B661E89BE5C4D2D99911A0F30AB549.e.50"
}, {
   "element-6066-11e4-a52e-4f735466cecf": "f.EBD0AB8C9EB7141964FB3CA76E1678D3.d.C1B661E89BE5C4D2D99911A0F30AB549.e.59"
}, {
   "element-6066-11e4-a52e-4f735466cecf": "f.EBD0AB8C9EB7141964FB3CA76E1678D3.d.C1B661E89BE5C4D2D99911A0F30AB549.e.43"
}, {
   "element-6066-11e4-a52e-4f735466cecf": "f.EBD0AB8C9EB7141964FB3CA76E1678D3.d.C1B661E89BE5C4D2D99911A0F30AB549.e.58"
}, {
   "element-6066-11e4-a52e-4f735466cecf": "f.EBD0AB8C9EB7141964FB3CA76E1678D3.d.C1B661E89BE5C4D2D99911A0F30AB549.e.68"
}, {
   "element-6066-11e4-a52e-4f735466cecf": "f.EBD0AB8C9EB7141964FB3CA76E1678D3.d.C1B661E89BE5C4D2D99911A0F30AB549.e.33"
}, {
   "element-6066-11e4-a52e-4f735466cecf": "f.EBD0AB8C9EB7141964FB3CA76E1678D3.d.C1B661E89BE5C4D2D99911A0F30AB549.e.44"
}, {
   "element-6066-11e4-a52e-4f735466cecf": "f.EBD0AB8C9EB7141964FB3CA76E1678D3.d.C1B661E89BE5C4D2D99911A0F30AB549.e.61"
}, "..." ]
[1767525936.215][INFO]: [5b79c8d9c3ecc860623d20674c4e003d] COMMAND GetElementText {
   "id": "f.EBD0AB8C9EB7141964FB3CA76E1678D3.d.C1B661E89BE5C4D2D99911A0F30AB549.e.42"
}
[1767525936.215][INFO]: Waiting for pending navigations...
[1767525936.216][INFO]: Done waiting for pending navigations. Status: ok
[1767525936.223][INFO]: Waiting for pending navigations...
[1767525936.224][INFO]: Done waiting for pending navigations. Status: ok
[1767525936.224][INFO]: [5b79c8d9c3ecc860623d20674c4e003d] RESPONSE GetElementText "3,000,000 - Q&A"
[1767525936.228][INFO]: [5b79c8d9c3ecc860623d20674c4e003d] COMMAND GetElementText {
   "id": "f.EBD0AB8C9EB7141964FB3CA76E1678D3.d.C1B661E89BE5C4D2D99911A0F30AB549.e.65"
}
[1767525936.228][INFO]: Waiting for pending navigations...
[1767525936.229][INFO]: Done waiting for pending navigations. Status: ok
[1767525936.234][INFO]: Waiting for pending navigations...
[1767525936.235][INFO]: Done waiting for pending navigations. Status: ok
[1767525936.235][INFO]: [5b79c8d9c3ecc860623d20674c4e003d] RESPONSE GetElementText "Top 10 Facts - Space [Part 7]"
[1767525936.238][INFO]: [5b79c8d9c3ecc860623d20674c4e003d] COMMAND FindElement {
   "using": "css selector",
   "value": ".btn\\-upload"
}
[1767525936.238][INFO]: Waiting for pending navigations...
[1767525936.239][INFO]: Done waiting for pending navigations. Status: ok
[1767525936.248][INFO]: Waiting for pending navigations...
[1767525936.249][INFO]: Done waiting for pending navigations. Status: ok
[1767525936.249][INFO]: [5b79c8d9c3ecc860623d20674c4e003d] RESPONSE FindElement {
   "element-6066-11e4-a52e-4f735466cecf": "f.EBD0AB8C9EB7141964FB3CA76E1678D3.d.C1B661E89BE5C4D2D99911A0F30AB549.e.88"
}
[1767525936.251][INFO]: [5b79c8d9c3ecc860623d20674c4e003d] COMMAND ClickElement {
   "id": "f.EBD0AB8C9EB7141964FB3CA76E1678D3.d.C1B661E89BE5C4D2D99911A0F30AB549.e.88"
}
[1767525936.251][INFO]: Waiting for pending navigations...
[1767525936.252][INFO]: Done waiting for pending navigations. Status: ok
[1767525936.339][INFO]: Waiting for pending navigations...
[1767525936.341][INFO]: Done waiting for pending navigations. Status: ok
[1767525936.341][INFO]: [5b79c8d9c3ecc860623d20674c4e003d] RESPONSE ClickElement
[1767525936.359][INFO]: [5b79c8d9c3ecc860623d20674c4e003d] COMMAND FindElements {
   "using": "css selector",
   "value": ".btn\\-flex\\-container"
}
[1767525936.359][INFO]: Waiting for pending navigations...
[1767525936.360][INFO]: Done waiting for pending navigations. Status: ok
[1767525936.372][INFO]: Waiting for pending navigations...
[1767525936.373][INFO]: Done waiting for pending navigations. Status: ok
[1767525936.373][INFO]: [5b79c8d9c3ecc860623d20674c4e003d] RESPONSE FindElements [ {
   "element-6066-11e4-a52e-4f735466cecf": "f.EBD0AB8C9EB7141964FB3CA76E1678D3.d.C1B661E89BE5C4D2D99911A0F30AB549.e.97"
} ]
[1767525936.382][INFO]: [5b79c8d9c3ecc860623d20674c4e003d] COMMAND ExecuteScript {
   "args": [ {
      "element-6066-11e4-a52e-4f735466cecf": "f.EBD0AB8C9EB7141964FB3CA76E1678D3.d.C1B661E89BE5C4D2D99911A0F30AB549.e.97"
   } ],
   "script": "/* isDisplayed */return (function(){return (function(){var g=this||self;\nfunction aa(a){var b=typeof a;if(\"object\"==b)if(a){if(a instanceof Array)return\"array\";if(a instanceof Object)return b;var c=Object.prototype.toString.call(a);if(\"[object Window]\"==c)return\"object\";if(\"[object Array]\"==c||\"number\"==typeof a.length&&\"undefined\"!=typeof a.splice&&\"undefined\"!=typeof a.propertyIsEnumerable&&!a.propertyIsEnumerable(\"splice\"))return\"array\";if(\"[object Function]\"==c||\"undefined\"!=typeof a.call&&\"undefined\"!=typeof a.propertyIsEnumerable&&!a.propertyIsEnumerable(\"call\"))return\"function\"}else return\"null\";else if(\"function\"==\nb&&\"undefined\"==typeof a.call)return\"object\";return b}function ca(a,b){function c(){}c.prototype=b.prototype;a.prototype=new c;a.prototype.constructor=a};var da=Array.prototype.indexOf?function(a,b){return Array.prototype.indexOf.call(a,b,void 0)}:function(a,b){if(\"string\"===typeof a)return\"string\"!==typeof b||1!=b.length?-1:a.indexOf(b,0);for(var c=0;c\u003Ca.length;c++)if(c in a&&a[c]===b)return c;return-1},ea=Array.prototype.some?function(a,b){return Array.prototype.some.call(a,b,void 0)}:function(a,b){for(var c=a.length,e=\"string\"===typeof a?a.split(\"\"):a,d=0;d\u003Cc;d++)if(d in e&&b.call(void 0,e[d],d,a))return!0;return!1},fa=Array.prototype.every?function(a,\nb){return Array.prototype.every.call(a,b,void 0)}:function(a,b){for(var c=a.length,e=\"string\"===typeof a?a.split(\"\"):a,d=0;d\u003Cc;d++)if(d in e&&!b.call(void 0,e[d],d,a))return!1;return!0};var ha={aliceblue:\"#f0f8ff\",antiquewhite:\"#faebd7\",aqua:\"#00ffff\",aquamarine:\"#7fffd4\",azure:\"#f0ffff\",beige:\"#f5f5dc\",bisque:\"#ffe4c4\",black:\"#000000\",blanchedalmond:\"#ffebcd\",blue:\"#0000ff\",blueviolet:\"#8a2be2\",brown:\"#a52a2a\",burlywood:\"#deb887\",cadetblue:\"#5f9ea0\",chartreuse:\"#7fff00\",chocolate:\"#d2691e\",coral:\"#ff7f50\",cornflowerblue:\"#6495ed\",cornsilk:\"#fff8dc\",crimson:\"#dc143c\",cyan:\"#00ffff\",darkblue:\"#00008b\",darkcyan:\"#008b8b\",darkgoldenrod:\"#b8860b\",darkgray:\"#a9a9a9\",darkgreen:\"#006400\",\ndarkgrey:\"#a9a9a9\",darkkhaki:\"#bdb76b\",darkmagenta:\"#8b008b\",darkolivegreen:\"#556b2f\",darkorange:\"#ff8c00\",darkorchid:\"#9932cc\",darkred:\"#8b0000\",darksalmon:\"#e9967a\",darkseagreen:\"#8fbc8f\",darkslateblue:\"#483d8b\",darkslategray:\"#2f4f4f\",darkslategrey:\"#2f4f4f\",darkturquoise:\"#00ced1\",darkviolet:\"#9400d3\",deeppink:\"#ff1493\",deepskyblue:\"#00bfff\",dimgray:\"#696969\",dimgrey:\"#696969\",dodgerblue:\"#1e90ff\",firebrick:\"#b22222\",floralwhite:\"#fffaf0\",forestgreen:\"#228b22\",fuchsia:\"#ff00ff\",gainsboro:\"#dcdcdc\",\nghostwhite:\"#f8f8ff\",gold:\"#ffd700\",goldenrod:\"#daa520\",gray:\"#808080\",green:\"#008000\",greenyellow:\"#adff2f\",grey:\"#808080\",honeydew:\"#f0fff0\",hotpink:\"#ff69b4\",indianred:\"#cd5c5c\",indigo:\"#4b0082\",ivory:\"#fffff0\",khaki:\"#f0e68c\",lavender:\"#e6e6fa\",lavenderblush:\"#fff0f5\",lawngreen:\"#7cfc00\",lemonchiffon:\"#fffacd\",lightblue:\"#add8e6\",lightcoral:\"#f08080\",lightcyan:\"#e0ffff\",lightgoldenrodyellow:\"#fafad2\",lightgray:\"#d3d3d3\",lightgreen:\"#90ee90\",lightgrey:\"#d3d3d3\",lightpink:\"#ffb6c1\",lightsalmon:\"#ffa07a\",\nlightseagreen:\"#20b2aa\",lightskyblue:\"#87cefa\",lightslategray:\"#778899\",lightslategrey:\"#778899\",lightsteelblue:\"#b0c4de\",lightyellow:\"#ffffe0\",lime:\"#00ff00\",limegreen:\"#32cd32\",linen:\"#faf0e6\",magenta:\"#ff00ff\",maroon:\"#800000\",mediumaquamarine:\"#66cdaa\",mediumblue:\"#0000cd\",mediumorchid:\"#ba55d3\",mediumpurple:\"#9370db\",mediumseagreen:\"#3cb371\",mediumslateblue:\"#7b68ee\",mediumspringgreen:\"#00fa9a\",mediumturquoise:\"#48d1cc\",mediumvioletred:\"#c71585\",midnightblue:\"#191970\",mintcream:\"#f5fffa\",mistyrose:\"#ffe4e1\",\nmoccasin:\"#ffe4b5\",navajowhite:\"#ffdead\",navy:\"#000080\",oldlace:\"#fdf5e6\",olive:\"#808000\",olivedrab:\"#6b8e23\",orange:\"#ffa500\",orangered:\"#ff4500\",orchid:\"#da70d6\",palegoldenrod:\"#eee8aa\",palegreen:\"#98fb98\",paleturquoise:\"#afeeee\",palevioletred:\"#db7093\",papayawhip:\"#ffefd5\",peachpuff:\"#ffdab9\",peru:\"#cd853f\",pink:\"#ffc0cb\",plum:\"#dda0dd\",powderblue:\"#b0e0e6\",purple:\"#800080\",red:\"#ff0000\",rosybrown:\"#bc8f8f\",royalblue:\"#4169e1\",saddlebrown:\"#8b4513\",salmon:\"#fa8072\",sandybrown:\"#f4a460\",seagreen:\"#2e8b57\",\nseashell:\"#fff5ee\",sienna:\"#a0522d\",silver:\"#c0c0c0\",skyblue:\"#87ceeb\",slateblue:\"#6a5acd\",slategray:\"#708090\",slategrey:\"#708090\",snow:\"#fffafa\",springgreen:\"#00ff7f\",steelblue:\"#4682b4\",tan:\"#d2b48c\",teal:\"#008080\",thistle:\"#d8bfd8\",tomato:\"#ff6347\",turquoise:\"#40e0d0\",violet:\"#ee82ee\",wheat:\"#f5deb3\",white:\"#ffffff\",whitesmoke:\"#f5f5f5\",yellow:\"#ffff00\",yellowgreen:\"#9acd32\"};var ia=\"backgroundColor borderTopColor borderRightColor borderBottomColor borderLeftColor color outlineColor\".split(\" \"),ja=/#([0-9a-fA-F])([0-9a-fA-F])([0-9a-fA-F])/,ka=/^#(?:[0-9a-f]{3}){1,2}$/i,la=/^(?:rgba)?\\((\\d{1,3}),\\s?(\\d{1,3}),\\s?(\\d{1,3}),\\s?(0|1|0\\.\\d*)\\)$/i,ma=/^(?:rgb)?\\((0|[1-9]\\d{0,2}),\\s?(0|[1-9]\\d{0,2}),\\s?(0|[1-9]\\d{0,2})\\)$/i;function m(a,b){this.code=a;this.a=p[a]||r;this.message=b||\"\";a=this.a.replace(/((?:^|\\s+)[a-z])/g,function(c){return c.toUpperCase().replace(/^[\\s\\xa0]+/g,\"\")});b=a.length-5;if(0>b||a.indexOf(\"Error\",b)!=b)a+=\"Error\";this.name=a;a=Error(this.message);a.name=this.name;this.stack=a.stack||\"\"}ca(m,Error);var r=\"unknown error\",p={15:\"element not selectable\",11:\"element not visible\"};p[31]=r;p[30]=r;p[24]=\"invalid cookie domain\";p[29]=\"invalid element coordinates\";p[12]=\"invalid element state\";\np[32]=\"invalid selector\";p[51]=\"invalid selector\";p[52]=\"invalid selector\";p[17]=\"javascript error\";p[405]=\"unsupported operation\";p[34]=\"move target out of bounds\";p[27]=\"no such alert\";p[7]=\"no such element\";p[8]=\"no such frame\";p[23]=\"no such window\";p[28]=\"script timeout\";p[33]=\"session not created\";p[10]=\"stale element reference\";p[21]=\"timeout\";p[25]=\"unable to set cookie\";p[26]=\"unexpected alert open\";p[13]=r;p[9]=\"unknown command\";var u=String.prototype.trim?function(a){return a.trim()}:function(a){return/^[\\s\\xa0]*([\\s\\S]*?)[\\s\\xa0]*$/.exec(a)[1]};\nfunction na(a,b){var c=0;a=u(String(a)).split(\".\");b=u(String(b)).split(\".\");for(var e=Math.max(a.length,b.length),d=0;0==c&&d\u003Ce;d++){var f=a[d]||\"\",h=b[d]||\"\";do{f=/(\\d*)(\\D*)(.*)/.exec(f)||[\"\",\"\",\"\",\"\"];h=/(\\d*)(\\D*)(.*)/.exec(h)||[\"\",\"\",\"\",\"\"];if(0==f[0].length&&0==h[0].length)break;c=v(0==f[1].length?0:parseInt(f[1],10),0==h[1].length?0:parseInt(h[1],10))||v(0==f[2].length,0==h[2].length)||v(f[2],h[2]);f=f[3];h=h[3]}while(0==c)}return c}function v(a,b){return a\u003Cb?-1:a>b?1:0};var w;a:{var oa=g.navigator;if(oa){var sa=oa.userAgent;if(sa){w=sa;break a}}w=\"\"}function x(a){return-1!=w.indexOf(a)};function y(){return x(\"Firefox\")||x(\"FxiOS\")}function A(){return(x(\"Chrome\")||x(\"CriOS\"))&&!x(\"Edge\")};function ta(a){return String(a).replace(/\\-([a-z])/g,function(b,c){return c.toUpperCase()})};function B(){return x(\"iPhone\")&&!x(\"iPod\")&&!x(\"iPad\")};function ua(a,b){var c=va;return Object.prototype.hasOwnProperty.call(c,a)?c[a]:c[a]=b(a)};var wa=x(\"Opera\"),C=x(\"Trident\")||x(\"MSIE\"),xa=x(\"Edge\"),ya=x(\"Gecko\")&&!(-1!=w.toLowerCase().indexOf(\"webkit\")&&!x(\"Edge\"))&&!(x(\"Trident\")||x(\"MSIE\"))&&!x(\"Edge\"),za=-1!=w.toLowerCase().indexOf(\"webkit\")&&!x(\"Edge\");function Aa(){var a=g.document;return a?a.documentMode:void 0}var E;\na:{var F=\"\",G=function(){var a=w;if(ya)return/rv:([^\\);]+)(\\)|;)/.exec(a);if(xa)return/Edge\\/([\\d\\.]+)/.exec(a);if(C)return/\\b(?:MSIE|rv)[: ]([^\\);]+)(\\)|;)/.exec(a);if(za)return/WebKit\\/(\\S+)/.exec(a);if(wa)return/(?:Version)[ \\/]?(\\S+)/.exec(a)}();G&&(F=G?G[1]:\"\");if(C){var H=Aa();if(null!=H&&H>parseFloat(F)){E=String(H);break a}}E=F}var va={};function Ba(a){return ua(a,function(){return 0\u003C=na(E,a)})}var I;I=g.document&&C?Aa():void 0;var Ca=y(),Da=B()||x(\"iPod\"),Ea=x(\"iPad\"),Fa=x(\"Android\")&&!(A()||y()||x(\"Opera\")||x(\"Silk\")),Ga=A(),Ha=x(\"Safari\")&&!(A()||x(\"Coast\")||x(\"Opera\")||x(\"Edge\")||x(\"Edg/\")||x(\"OPR\")||y()||x(\"Silk\")||x(\"Android\"))&&!(B()||x(\"iPad\")||x(\"iPod\"));function J(a){return(a=a.exec(w))?a[1]:\"\"}(function(){if(Ca)return J(/Firefox\\/([0-9.]+)/);if(C||xa||wa)return E;if(Ga)return B()||x(\"iPad\")||x(\"iPod\")?J(/CriOS\\/([0-9.]+)/):J(/Chrome\\/([0-9.]+)/);if(Ha&&!(B()||x(\"iPad\")||x(\"iPod\")))return J(/Version\\/([0-9.]+)/);if(Da||Ea){var a=/Version\\/(\\S+).*Mobile\\/(\\S+)/.exec(w);if(a)return a[1]+\".\"+a[2]}else if(Fa)return(a=J(/Android\\s+([0-9.]+)/))?a:J(/Version\\/([0-9.]+)/);return\"\"})();var K;if(K=C)K=!(9\u003C=Number(I));var Ia=K;function L(a,b){this.x=void 0!==a?a:0;this.y=void 0!==b?b:0}L.prototype.ceil=function(){this.x=Math.ceil(this.x);this.y=Math.ceil(this.y);return this};L.prototype.floor=function(){this.x=Math.floor(this.x);this.y=Math.floor(this.y);return this};L.prototype.round=function(){this.x=Math.round(this.x);this.y=Math.round(this.y);return this};function M(a,b){this.width=a;this.height=b}M.prototype.aspectRatio=function(){return this.width/this.height};M.prototype.ceil=function(){this.width=Math.ceil(this.width);this.height=Math.ceil(this.height);return this};M.prototype.floor=function(){this.width=Math.floor(this.width);this.height=Math.floor(this.height);return this};M.prototype.round=function(){this.width=Math.round(this.width);this.height=Math.round(this.height);return this};function N(a){return 9==a.nodeType?a:a.ownerDocument||a.document}function Ja(a,b){a&&(a=a.parentNode);for(var c=0;a;){if(b(a))return a;a=a.parentNode;c++}return null}function Ka(a){this.a=a||g.document||document};function P(a,b){b&&\"string\"!==typeof b&&(b=b.toString());return!!a&&1==a.nodeType&&(!b||a.tagName.toUpperCase()==b)};function Q(a,b,c,e){this.f=a;this.a=b;this.b=c;this.c=e}Q.prototype.ceil=function(){this.f=Math.ceil(this.f);this.a=Math.ceil(this.a);this.b=Math.ceil(this.b);this.c=Math.ceil(this.c);return this};Q.prototype.floor=function(){this.f=Math.floor(this.f);this.a=Math.floor(this.a);this.b=Math.floor(this.b);this.c=Math.floor(this.c);return this};Q.prototype.round=function(){this.f=Math.round(this.f);this.a=Math.round(this.a);this.b=Math.round(this.b);this.c=Math.round(this.c);return this};function R(a,b,c,e){this.a=a;this.b=b;this.width=c;this.height=e}R.prototype.ceil=function(){this.a=Math.ceil(this.a);this.b=Math.ceil(this.b);this.width=Math.ceil(this.width);this.height=Math.ceil(this.height);return this};R.prototype.floor=function(){this.a=Math.floor(this.a);this.b=Math.floor(this.b);this.width=Math.floor(this.width);this.height=Math.floor(this.height);return this};\nR.prototype.round=function(){this.a=Math.round(this.a);this.b=Math.round(this.b);this.width=Math.round(this.width);this.height=Math.round(this.height);return this};var La=\"function\"===typeof ShadowRoot;function S(a){for(a=a.parentNode;a&&1!=a.nodeType&&9!=a.nodeType&&11!=a.nodeType;)a=a.parentNode;return P(a)?a:null}\nfunction T(a,b){b=ta(b);if(\"float\"==b||\"cssFloat\"==b||\"styleFloat\"==b)b=Ia?\"styleFloat\":\"cssFloat\";a:{var c=b;var e=N(a);if(e.defaultView&&e.defaultView.getComputedStyle&&(e=e.defaultView.getComputedStyle(a,null))){c=e[c]||e.getPropertyValue(c)||\"\";break a}c=\"\"}a=c||Ma(a,b);if(null===a)a=null;else if(0\u003C=da(ia,b)){b:{var d=a.match(la);if(d&&(b=Number(d[1]),c=Number(d[2]),e=Number(d[3]),d=Number(d[4]),0\u003C=b&&255>=b&&0\u003C=c&&255>=c&&0\u003C=e&&255>=e&&0\u003C=d&&1>=d)){b=[b,c,e,d];break b}b=null}if(!b)b:{if(e=a.match(ma))if(b=\nNumber(e[1]),c=Number(e[2]),e=Number(e[3]),0\u003C=b&&255>=b&&0\u003C=c&&255>=c&&0\u003C=e&&255>=e){b=[b,c,e,1];break b}b=null}if(!b)b:{b=a.toLowerCase();c=ha[b.toLowerCase()];if(!c&&(c=\"#\"==b.charAt(0)?b:\"#\"+b,4==c.length&&(c=c.replace(ja,\"#$1$1$2$2$3$3\")),!ka.test(c))){b=null;break b}b=[parseInt(c.substr(1,2),16),parseInt(c.substr(3,2),16),parseInt(c.substr(5,2),16),1]}a=b?\"rgba(\"+b.join(\", \")+\")\":a}return a}\nfunction Ma(a,b){var c=a.currentStyle||a.style,e=c[b];void 0===e&&\"function\"==aa(c.getPropertyValue)&&(e=c.getPropertyValue(b));return\"inherit\"!=e?void 0!==e?e:null:(a=S(a))?Ma(a,b):null}\nfunction U(a,b,c){function e(h){var n=V(h);return 0\u003Cn.height&&0\u003Cn.width?!0:P(h,\"PATH\")&&(0\u003Cn.height||0\u003Cn.width)?(h=T(h,\"stroke-width\"),!!h&&0\u003CparseInt(h,10)):\"hidden\"!=T(h,\"overflow\")&&ea(h.childNodes,function(D){return 3==D.nodeType||P(D)&&e(D)})}function d(h){return Na(h)==W&&fa(h.childNodes,function(n){return!P(n)||d(n)||!e(n)})}if(!P(a))throw Error(\"Argument to isShown must be of type Element\");if(P(a,\"BODY\"))return!0;if(P(a,\"OPTION\")||P(a,\"OPTGROUP\"))return a=Ja(a,function(h){return P(h,\"SELECT\")}),\n!!a&&U(a,!0,c);var f=Oa(a);if(f)return!!f.image&&0\u003Cf.rect.width&&0\u003Cf.rect.height&&U(f.image,b,c);if(P(a,\"INPUT\")&&\"hidden\"==a.type.toLowerCase()||P(a,\"NOSCRIPT\"))return!1;f=T(a,\"visibility\");return\"collapse\"!=f&&\"hidden\"!=f&&c(a)&&(b||0!=Pa(a))&&e(a)?!d(a):!1}var W=\"hidden\";\nfunction Na(a){function b(k){function l(ba){if(ba==h)return!0;var pa=T(ba,\"display\");return 0==pa.lastIndexOf(\"inline\",0)||\"contents\"==pa||\"absolute\"==qa&&\"static\"==T(ba,\"position\")?!1:!0}var qa=T(k,\"position\");if(\"fixed\"==qa)return ra=!0,k==h?null:h;for(k=S(k);k&&!l(k);)k=S(k);return k}function c(k){var l=k;if(\"visible\"==D)if(k==h&&n)l=n;else if(k==n)return{x:\"visible\",y:\"visible\"};l={x:T(l,\"overflow-x\"),y:T(l,\"overflow-y\")};k==h&&(l.x=\"visible\"==l.x?\"auto\":l.x,l.y=\"visible\"==l.y?\"auto\":l.y);return l}\nfunction e(k){if(k==h){var l=(new Ka(f)).a;k=l.scrollingElement?l.scrollingElement:za||\"CSS1Compat\"!=l.compatMode?l.body||l.documentElement:l.documentElement;l=l.parentWindow||l.defaultView;k=C&&Ba(\"10\")&&l.pageYOffset!=k.scrollTop?new L(k.scrollLeft,k.scrollTop):new L(l.pageXOffset||k.scrollLeft,l.pageYOffset||k.scrollTop)}else k=new L(k.scrollLeft,k.scrollTop);return k}var d=Qa(a),f=N(a),h=f.documentElement,n=f.body,D=T(h,\"overflow\"),ra;for(a=b(a);a;a=b(a)){var q=c(a);if(\"visible\"!=q.x||\"visible\"!=\nq.y){var t=V(a);if(0==t.width||0==t.height)return W;var z=d.a\u003Ct.a,O=d.b\u003Ct.b;if(z&&\"hidden\"==q.x||O&&\"hidden\"==q.y)return W;if(z&&\"visible\"!=q.x||O&&\"visible\"!=q.y){z=e(a);O=d.b\u003Ct.b-z.y;if(d.a\u003Ct.a-z.x&&\"visible\"!=q.x||O&&\"visible\"!=q.x)return W;d=Na(a);return d==W?W:\"scroll\"}z=d.c>=t.a+t.width;t=d.f>=t.b+t.height;if(z&&\"hidden\"==q.x||t&&\"hidden\"==q.y)return W;if(z&&\"visible\"!=q.x||t&&\"visible\"!=q.y){if(ra&&(q=e(a),d.c>=h.scrollWidth-q.x||d.a>=h.scrollHeight-q.y))return W;d=Na(a);return d==W?W:\"scroll\"}}}return\"none\"}\nfunction V(a){var b=Oa(a);if(b)return b.rect;if(P(a,\"HTML\"))return a=N(a),a=((a?a.parentWindow||a.defaultView:window)||window).document,a=\"CSS1Compat\"==a.compatMode?a.documentElement:a.body,a=new M(a.clientWidth,a.clientHeight),new R(0,0,a.width,a.height);try{var c=a.getBoundingClientRect()}catch(e){return new R(0,0,0,0)}b=new R(c.left,c.top,c.right-c.left,c.bottom-c.top);C&&a.ownerDocument.body&&(a=N(a),b.a-=a.documentElement.clientLeft+a.body.clientLeft,b.b-=a.documentElement.clientTop+a.body.clientTop);\nreturn b}\nfunction Oa(a){var b=P(a,\"MAP\");if(!b&&!P(a,\"AREA\"))return null;var c=b?a:P(a.parentNode,\"MAP\")?a.parentNode:null,e=null,d=null;if(c&&c.name){e='*[usemap=\"#'+c.name+'\"]';c=N(c);var f;if(f=\"function\"!=aa(c.querySelector)&&C&&(C?0\u003C=na(I,8):Ba(8))){f=c.querySelector;var h=typeof f;f=!(\"object\"==h&&null!=f||\"function\"==h)}if(f)throw Error(\"CSS selection is not supported\");if(!e)throw new m(32,\"No selector specified\");e=u(e);try{var n=c.querySelector(e)}catch(D){throw new m(32,\"An invalid or illegal selector was specified\");}if(e=\nn&&1==n.nodeType?n:null)d=V(e),b||\"default\"==a.shape.toLowerCase()||(a=Ra(a),b=Math.min(Math.max(a.a,0),d.width),n=Math.min(Math.max(a.b,0),d.height),d=new R(b+d.a,n+d.b,Math.min(a.width,d.width-b),Math.min(a.height,d.height-n)))}return{image:e,rect:d||new R(0,0,0,0)}}\nfunction Ra(a){var b=a.shape.toLowerCase();a=a.coords.split(\",\");if(\"rect\"==b&&4==a.length){b=a[0];var c=a[1];return new R(b,c,a[2]-b,a[3]-c)}if(\"circle\"==b&&3==a.length)return b=a[2],new R(a[0]-b,a[1]-b,2*b,2*b);if(\"poly\"==b&&2\u003Ca.length){b=a[0];c=a[1];for(var e=b,d=c,f=2;f+1\u003Ca.length;f+=2)b=Math.min(b,a[f]),e=Math.max(e,a[f]),c=Math.min(c,a[f+1]),d=Math.max(d,a[f+1]);return new R(b,c,e-b,d-c)}return new R(0,0,0,0)}function Qa(a){a=V(a);return new Q(a.b,a.a+a.width,a.b+a.height,a.a)}\nfunction Pa(a){if(Ia){if(\"relative\"==T(a,\"position\"))return 1;a=T(a,\"filter\");return(a=a.match(/^alpha\\(opacity=(\\d*)\\)/)||a.match(/^progid:DXImageTransform.Microsoft.Alpha\\(Opacity=(\\d*)\\)/))?Number(a[1])/100:1}return Sa(a)}function Sa(a){var b=1,c=T(a,\"opacity\");c&&(b=Number(c));(a=S(a))&&(b*=Sa(a));return b};function Ta(a,b){function c(e){if(P(e)&&\"none\"==T(e,\"display\"))return!1;var d;if((d=e.parentNode)&&d.shadowRoot&&void 0!==e.assignedSlot)d=e.assignedSlot?e.assignedSlot.parentNode:null;else if(e.getDestinationInsertionPoints){var f=e.getDestinationInsertionPoints();0\u003Cf.length&&(d=f[f.length-1])}if(La&&d instanceof ShadowRoot){if(d.host.shadowRoot&&d.host.shadowRoot!==d)return!1;d=d.host}return!d||9!=d.nodeType&&11!=d.nodeType?d&&P(d,\"DETAILS\")&&!d.open&&!P(e,\"SUMMARY\")?!1:!!d&&c(d):!0}return U(a,\n!!b,c)}var X=[\"_\"],Y=g;X[0]in Y||\"undefined\"==typeof Y.execScript||Y.execScript(\"var \"+X[0]);for(var Z;X.length&&(Z=X.shift());)X.length||void 0===Ta?Y[Z]&&Y[Z]!==Object.prototype[Z]?Y=Y[Z]:Y=Y[Z]={}:Y[Z]=Ta;; return this._.apply(null,arguments);}).apply({navigator:typeof window!='undefined'?window.navigator:null,document:typeof window!='undefined'?window.document:null}, arguments);}\n).apply(null, arguments);"
}
[1767525936.382][INFO]: Waiting for pending navigations...
[1767525936.384][INFO]: Done waiting for pending navigations. Status: ok
[1767525936.395][INFO]: Waiting for pending navigations...
[1767525936.397][INFO]: Done waiting for pending navigations. Status: ok
[1767525936.397][INFO]: [5b79c8d9c3ecc860623d20674c4e003d] RESPONSE ExecuteScript true
[1767525936.402][INFO]: [5b79c8d9c3ecc860623d20674c4e003d] COMMAND FindElement {
   "using": "xpath",
   "value": "//button[@type='submit']"
}
[1767525936.402][INFO]: Waiting for pending navigations...
[1767525936.404][INFO]: Done waiting for pending navigations. Status: ok
[1767525936.415][INFO]: Waiting for pending navigations...
[1767525936.416][INFO]: Done waiting for pending navigations. Status: ok
[1767525936.416][INFO]: [5b79c8d9c3ecc860623d20674c4e003d] RESPONSE FindElement {
   "element-6066-11e4-a52e-4f735466cecf": "f.EBD0AB8C9EB7141964FB3CA76E1678D3.d.C1B661E89BE5C4D2D99911A0F30AB549.e.98"
}
[1767525936.420][INFO]: [5b79c8d9c3ecc860623d20674c4e003d] COMMAND ClickElement {
   "id": "f.EBD0AB8C9EB7141964FB3CA76E1678D3.d.C1B661E89BE5C4D2D99911A0F30AB549.e.98"
}
[1767525936.420][INFO]: Waiting for pending navigations...
[1767525936.421][INFO]: Done waiting for pending navigations. Status: ok
[1767525936.500][INFO]: Waiting for pending navigations...
[1767525936.500][INFO]: Done waiting for pending navigations. Status: unexpected alert open: {Alert text : VideoLink should not be empty.
PreviewImage should not be empty.
Title should not be empty.
GenreDropdown should not be empty.
ReleaseDate should not be empty. 
AgeDropdown should not be empty. 
}
[1767525936.500][INFO]: [5b79c8d9c3ecc860623d20674c4e003d] RESPONSE ClickElement
[1767525936.504][INFO]: [5b79c8d9c3ecc860623d20674c4e003d] COMMAND GetAlertMessage {
}
[1767525936.504][INFO]: Waiting for pending navigations...
[1767525936.504][INFO]: Done waiting for pending navigations. Status: unexpected alert open: {Alert text : VideoLink should not be empty.
PreviewImage should not be empty.
Title should not be empty.
GenreDropdown should not be empty.
ReleaseDate should not be empty. 
AgeDropdown should not be empty. 
}
[1767525936.504][INFO]: [5b79c8d9c3ecc860623d20674c4e003d] RESPONSE GetAlertMessage "VideoLink should not be empty.\nPreviewImage should not be empty.\nTitle should not be empty.\nGenreDropdown should not be empty.\nReleaseDate should not be empty. \nAgeDropdown should not be empty. \n"
[1767525936.509][INFO]: [5b79c8d9c3ecc860623d20674c4e003d] COMMAND AcceptAlert {
}
[1767525936.509][INFO]: Waiting for pending navigations...
[1767525936.509][INFO]: Done waiting for pending navigations. Status: unexpected alert open: {Alert text : VideoLink should not be empty.
PreviewImage should not be empty.
Title should not be empty.
GenreDropdown should not be empty.
ReleaseDate should not be empty. 
AgeDropdown should not be empty. 
}
[1767525936.511][INFO]: [5b79c8d9c3ecc860623d20674c4e003d] RESPONSE AcceptAlert
[1767525936.518][INFO]: [5b79c8d9c3ecc860623d20674c4e003d] COMMAND FindElement {
   "using": "css selector",
   "value": "*[name='videoLink']"
}
[1767525936.518][INFO]: Waiting for pending navigations...
[1767525936.520][INFO]: Done waiting for pending navigations. Status: ok
[1767525936.533][INFO]: Waiting for pending navigations...
[1767525936.535][INFO]: Done waiting for pending navigations. Status: ok
[1767525936.535][INFO]: [5b79c8d9c3ecc860623d20674c4e003d] RESPONSE FindElement {
   "element-6066-11e4-a52e-4f735466cecf": "f.EBD0AB8C9EB7141964FB3CA76E1678D3.d.C1B661E89BE5C4D2D99911A0F30AB549.e.93"
}
[1767525936.541][INFO]: [5b79c8d9c3ecc860623d20674c4e003d] COMMAND TypeElement {
   "id": "f.EBD0AB8C9EB7141964FB3CA76E1678D3.d.C1B661E89BE5C4D2D99911A0F30AB549.e.93",
   "text": "https://www.youtube.com/embed/HGk_ypEuS24",
   "value": [ "h", "t", "t", "p", "s", ":", "/", "/", "w", "w", "w", ".", "y", "o", "u", "t", "u", "b", "e", ".", "c", "o", "m", "/", "e", "m", "b", "e", "d", "/", "H", "G", "k", "_", "y", "p", "E", "u", "S", "2", "4" ]
}
[1767525936.541][INFO]: Waiting for pending navigations...
[1767525936.542][INFO]: Done waiting for pending navigations. Status: ok
[1767525936.671][INFO]: Waiting for pending navigations...
[1767525936.674][INFO]: Done waiting for pending navigations. Status: ok
[1767525936.674][INFO]: [5b79c8d9c3ecc860623d20674c4e003d] RESPONSE TypeElement
[1767525936.678][INFO]: [5b79c8d9c3ecc860623d20674c4e003d] COMMAND FindElement {
   "using": "css selector",
   "value": "*[name='previewImage']"
}
[1767525936.678][INFO]: Waiting for pending navigations...
[1767525936.679][INFO]: Done waiting for pending navigations. Status: ok
[1767525936.690][INFO]: Waiting for pending navigations...
[1767525936.691][INFO]: Done waiting for pending navigations. Status: ok
[1767525936.691][INFO]: [5b79c8d9c3ecc860623d20674c4e003d] RESPONSE FindElement {
   "element-6066-11e4-a52e-4f735466cecf": "f.EBD0AB8C9EB7141964FB3CA76E1678D3.d.C1B661E89BE5C4D2D99911A0F30AB549.e.94"
}
[1767525936.697][INFO]: [5b79c8d9c3ecc860623d20674c4e003d] COMMAND TypeElement {
   "id": "f.EBD0AB8C9EB7141964FB3CA76E1678D3.d.C1B661E89BE5C4D2D99911A0F30AB549.e.94",
   "text": "https://in.pinterest.com/pin/2603712280698956/",
   "value": [ "h", "t", "t", "p", "s", ":", "/", "/", "i", "n", ".", "p", "i", "n", "t", "e", "r", "e", "s", "t", ".", "c", "o", "m", "/", "p", "i", "n", "/", "2", "6", "0", "3", "7", "1", "2", "2", "8", "0", "6", "9", "8", "9", "5", "6", "/" ]
}
[1767525936.697][INFO]: Waiting for pending navigations...
[1767525936.698][INFO]: Done waiting for pending navigations. Status: ok
[1767525936.826][INFO]: Waiting for pending navigations...
[1767525936.830][INFO]: Done waiting for pending navigations. Status: ok
[1767525936.830][INFO]: [5b79c8d9c3ecc860623d20674c4e003d] RESPONSE TypeElement
[1767525936.834][INFO]: [5b79c8d9c3ecc860623d20674c4e003d] COMMAND FindElement {
   "using": "css selector",
   "value": "*[name='title']"
}
[1767525936.834][INFO]: Waiting for pending navigations...
[1767525936.835][INFO]: Done waiting for pending navigations. Status: ok
[1767525936.847][INFO]: Waiting for pending navigations...
[1767525936.848][INFO]: Done waiting for pending navigations. Status: ok
[1767525936.848][INFO]: [5b79c8d9c3ecc860623d20674c4e003d] RESPONSE FindElement {
   "element-6066-11e4-a52e-4f735466cecf": "f.EBD0AB8C9EB7141964FB3CA76E1678D3.d.C1B661E89BE5C4D2D99911A0F30AB549.e.95"
}
[1767525936.851][INFO]: [5b79c8d9c3ecc860623d20674c4e003d] COMMAND TypeElement {
   "id": "f.EBD0AB8C9EB7141964FB3CA76E1678D3.d.C1B661E89BE5C4D2D99911A0F30AB549.e.95",
   "text": "Sorting",
   "value": [ "S", "o", "r", "t", "i", "n", "g" ]
}
[1767525936.851][INFO]: Waiting for pending navigations...
[1767525936.853][INFO]: Done waiting for pending navigations. Status: ok
[1767525936.915][INFO]: Waiting for pending navigations...
[1767525936.917][INFO]: Done waiting for pending navigations. Status: ok
[1767525936.917][INFO]: [5b79c8d9c3ecc860623d20674c4e003d] RESPONSE TypeElement
[1767525936.921][INFO]: [5b79c8d9c3ecc860623d20674c4e003d] COMMAND FindElement {
   "using": "css selector",
   "value": "#genre\\-modal\\-dropdown"
}
[1767525936.921][INFO]: Waiting for pending navigations...
[1767525936.921][INFO]: Done waiting for pending navigations. Status: ok
[1767525936.929][INFO]: Waiting for pending navigations...
[1767525936.930][INFO]: Done waiting for pending navigations. Status: ok
[1767525936.930][INFO]: [5b79c8d9c3ecc860623d20674c4e003d] RESPONSE FindElement {
   "element-6066-11e4-a52e-4f735466cecf": "f.EBD0AB8C9EB7141964FB3CA76E1678D3.d.C1B661E89BE5C4D2D99911A0F30AB549.e.89"
}
[1767525936.933][INFO]: [5b79c8d9c3ecc860623d20674c4e003d] COMMAND GetElementTagName {
   "id": "f.EBD0AB8C9EB7141964FB3CA76E1678D3.d.C1B661E89BE5C4D2D99911A0F30AB549.e.89"
}
[1767525936.933][INFO]: Waiting for pending navigations...
[1767525936.934][INFO]: Done waiting for pending navigations. Status: ok
[1767525936.938][INFO]: Waiting for pending navigations...
[1767525936.939][INFO]: Done waiting for pending navigations. Status: ok
[1767525936.939][INFO]: [5b79c8d9c3ecc860623d20674c4e003d] RESPONSE GetElementTagName "select"
[1767525936.942][INFO]: [5b79c8d9c3ecc860623d20674c4e003d] COMMAND GetElementAttribute {
   "id": "f.EBD0AB8C9EB7141964FB3CA76E1678D3.d.C1B661E89BE5C4D2D99911A0F30AB549.e.89",
   "name": "multiple"
}
[1767525936.942][INFO]: Waiting for pending navigations...
[1767525936.942][INFO]: Done waiting for pending navigations. Status: ok
[1767525936.946][INFO]: Waiting for pending navigations...
[1767525936.947][INFO]: Done waiting for pending navigations. Status: ok
[1767525936.947][INFO]: [5b79c8d9c3ecc860623d20674c4e003d] RESPONSE GetElementAttribute null
[1767525936.949][INFO]: [5b79c8d9c3ecc860623d20674c4e003d] COMMAND IsElementEnabled {
   "id": "f.EBD0AB8C9EB7141964FB3CA76E1678D3.d.C1B661E89BE5C4D2D99911A0F30AB549.e.89"
}
[1767525936.949][INFO]: Waiting for pending navigations...
[1767525936.950][INFO]: Done waiting for pending navigations. Status: ok
[1767525936.957][INFO]: Waiting for pending navigations...
[1767525936.958][INFO]: Done waiting for pending navigations. Status: ok
[1767525936.958][INFO]: [5b79c8d9c3ecc860623d20674c4e003d] RESPONSE IsElementEnabled true
[1767525936.961][INFO]: [5b79c8d9c3ecc860623d20674c4e003d] COMMAND FindChildElements {
   "id": "f.EBD0AB8C9EB7141964FB3CA76E1678D3.d.C1B661E89BE5C4D2D99911A0F30AB549.e.89",
   "using": "xpath",
   "value": ".//option[@value = \"Education\"]"
}
[1767525936.961][INFO]: Waiting for pending navigations...
[1767525936.962][INFO]: Done waiting for pending navigations. Status: ok
[1767525936.972][INFO]: Waiting for pending navigations...
[1767525936.973][INFO]: Done waiting for pending navigations. Status: ok
[1767525936.973][INFO]: [5b79c8d9c3ecc860623d20674c4e003d] RESPONSE FindChildElements [ {
   "element-6066-11e4-a52e-4f735466cecf": "f.EBD0AB8C9EB7141964FB3CA76E1678D3.d.C1B661E89BE5C4D2D99911A0F30AB549.e.103"
} ]
[1767525936.975][INFO]: [5b79c8d9c3ecc860623d20674c4e003d] COMMAND IsElementEnabled {
   "id": "f.EBD0AB8C9EB7141964FB3CA76E1678D3.d.C1B661E89BE5C4D2D99911A0F30AB549.e.103"
}
[1767525936.975][INFO]: Waiting for pending navigations...
[1767525936.976][INFO]: Done waiting for pending navigations. Status: ok
[1767525936.982][INFO]: Waiting for pending navigations...
[1767525936.983][INFO]: Done waiting for pending navigations. Status: ok
[1767525936.983][INFO]: [5b79c8d9c3ecc860623d20674c4e003d] RESPONSE IsElementEnabled true
[1767525936.985][INFO]: [5b79c8d9c3ecc860623d20674c4e003d] COMMAND IsElementSelected {
   "id": "f.EBD0AB8C9EB7141964FB3CA76E1678D3.d.C1B661E89BE5C4D2D99911A0F30AB549.e.103"
}
[1767525936.985][INFO]: Waiting for pending navigations...
[1767525936.987][INFO]: Done waiting for pending navigations. Status: ok
[1767525936.991][INFO]: Waiting for pending navigations...
[1767525936.992][INFO]: Done waiting for pending navigations. Status: ok
[1767525936.992][INFO]: [5b79c8d9c3ecc860623d20674c4e003d] RESPONSE IsElementSelected false
[1767525936.994][INFO]: [5b79c8d9c3ecc860623d20674c4e003d] COMMAND ClickElement {
   "id": "f.EBD0AB8C9EB7141964FB3CA76E1678D3.d.C1B661E89BE5C4D2D99911A0F30AB549.e.103"
}
[1767525936.994][INFO]: Waiting for pending navigations...
[1767525936.995][INFO]: Done waiting for pending navigations. Status: ok
[1767525937.027][INFO]: Waiting for pending navigations...
[1767525937.029][INFO]: Done waiting for pending navigations. Status: ok
[1767525937.029][INFO]: [5b79c8d9c3ecc860623d20674c4e003d] RESPONSE ClickElement
[1767525937.033][INFO]: [5b79c8d9c3ecc860623d20674c4e003d] COMMAND FindElement {
   "using": "css selector",
   "value": "#age\\-modal\\-dropdown"
}
[1767525937.033][INFO]: Waiting for pending navigations...
[1767525937.034][INFO]: Done waiting for pending navigations. Status: ok
[1767525937.046][INFO]: Waiting for pending navigations...
[1767525937.048][INFO]: Done waiting for pending navigations. Status: ok
[1767525937.048][INFO]: [5b79c8d9c3ecc860623d20674c4e003d] RESPONSE FindElement {
   "element-6066-11e4-a52e-4f735466cecf": "f.EBD0AB8C9EB7141964FB3CA76E1678D3.d.C1B661E89BE5C4D2D99911A0F30AB549.e.90"
}
[1767525937.053][INFO]: [5b79c8d9c3ecc860623d20674c4e003d] COMMAND GetElementTagName {
   "id": "f.EBD0AB8C9EB7141964FB3CA76E1678D3.d.C1B661E89BE5C4D2D99911A0F30AB549.e.90"
}
[1767525937.053][INFO]: Waiting for pending navigations...
[1767525937.056][INFO]: Done waiting for pending navigations. Status: ok
[1767525937.065][INFO]: Waiting for pending navigations...
[1767525937.067][INFO]: Done waiting for pending navigations. Status: ok
[1767525937.067][INFO]: [5b79c8d9c3ecc860623d20674c4e003d] RESPONSE GetElementTagName "select"
[1767525937.071][INFO]: [5b79c8d9c3ecc860623d20674c4e003d] COMMAND GetElementAttribute {
   "id": "f.EBD0AB8C9EB7141964FB3CA76E1678D3.d.C1B661E89BE5C4D2D99911A0F30AB549.e.90",
   "name": "multiple"
}
[1767525937.071][INFO]: Waiting for pending navigations...
[1767525937.073][INFO]: Done waiting for pending navigations. Status: ok
[1767525937.080][INFO]: Waiting for pending navigations...
[1767525937.081][INFO]: Done waiting for pending navigations. Status: ok
[1767525937.081][INFO]: [5b79c8d9c3ecc860623d20674c4e003d] RESPONSE GetElementAttribute null
[1767525937.085][INFO]: [5b79c8d9c3ecc860623d20674c4e003d] COMMAND IsElementEnabled {
   "id": "f.EBD0AB8C9EB7141964FB3CA76E1678D3.d.C1B661E89BE5C4D2D99911A0F30AB549.e.90"
}
[1767525937.085][INFO]: Waiting for pending navigations...
[1767525937.086][INFO]: Done waiting for pending navigations. Status: ok
[1767525937.095][INFO]: Waiting for pending navigations...
[1767525937.096][INFO]: Done waiting for pending navigations. Status: ok
[1767525937.096][INFO]: [5b79c8d9c3ecc860623d20674c4e003d] RESPONSE IsElementEnabled true
[1767525937.099][INFO]: [5b79c8d9c3ecc860623d20674c4e003d] COMMAND FindChildElements {
   "id": "f.EBD0AB8C9EB7141964FB3CA76E1678D3.d.C1B661E89BE5C4D2D99911A0F30AB549.e.90",
   "using": "xpath",
   "value": ".//option[@value = \"7+\"]"
}
[1767525937.099][INFO]: Waiting for pending navigations...
[1767525937.101][INFO]: Done waiting for pending navigations. Status: ok
[1767525937.114][INFO]: Waiting for pending navigations...
[1767525937.115][INFO]: Done waiting for pending navigations. Status: ok
[1767525937.115][INFO]: [5b79c8d9c3ecc860623d20674c4e003d] RESPONSE FindChildElements [ {
   "element-6066-11e4-a52e-4f735466cecf": "f.EBD0AB8C9EB7141964FB3CA76E1678D3.d.C1B661E89BE5C4D2D99911A0F30AB549.e.106"
} ]
[1767525937.118][INFO]: [5b79c8d9c3ecc860623d20674c4e003d] COMMAND IsElementEnabled {
   "id": "f.EBD0AB8C9EB7141964FB3CA76E1678D3.d.C1B661E89BE5C4D2D99911A0F30AB549.e.106"
}
[1767525937.118][INFO]: Waiting for pending navigations...
[1767525937.119][INFO]: Done waiting for pending navigations. Status: ok
[1767525937.128][INFO]: Waiting for pending navigations...
[1767525937.130][INFO]: Done waiting for pending navigations. Status: ok
[1767525937.130][INFO]: [5b79c8d9c3ecc860623d20674c4e003d] RESPONSE IsElementEnabled true
[1767525937.133][INFO]: [5b79c8d9c3ecc860623d20674c4e003d] COMMAND IsElementSelected {
   "id": "f.EBD0AB8C9EB7141964FB3CA76E1678D3.d.C1B661E89BE5C4D2D99911A0F30AB549.e.106"
}
[1767525937.133][INFO]: Waiting for pending navigations...
[1767525937.135][INFO]: Done waiting for pending navigations. Status: ok
[1767525937.143][INFO]: Waiting for pending navigations...
[1767525937.143][INFO]: Done waiting for pending navigations. Status: ok
[1767525937.143][INFO]: [5b79c8d9c3ecc860623d20674c4e003d] RESPONSE IsElementSelected false
[1767525937.149][INFO]: [5b79c8d9c3ecc860623d20674c4e003d] COMMAND ClickElement {
   "id": "f.EBD0AB8C9EB7141964FB3CA76E1678D3.d.C1B661E89BE5C4D2D99911A0F30AB549.e.106"
}
[1767525937.149][INFO]: Waiting for pending navigations...
[1767525937.150][INFO]: Done waiting for pending navigations. Status: ok
[1767525937.192][INFO]: Waiting for pending navigations...
[1767525937.193][INFO]: Done waiting for pending navigations. Status: ok
[1767525937.193][INFO]: [5b79c8d9c3ecc860623d20674c4e003d] RESPONSE ClickElement
[1767525937.197][INFO]: [5b79c8d9c3ecc860623d20674c4e003d] COMMAND FindElement {
   "using": "css selector",
   "value": "*[name='releaseDate']"
}
[1767525937.197][INFO]: Waiting for pending navigations...
[1767525937.199][INFO]: Done waiting for pending navigations. Status: ok
[1767525937.208][INFO]: Waiting for pending navigations...
[1767525937.209][INFO]: Done waiting for pending navigations. Status: ok
[1767525937.209][INFO]: [5b79c8d9c3ecc860623d20674c4e003d] RESPONSE FindElement {
   "element-6066-11e4-a52e-4f735466cecf": "f.EBD0AB8C9EB7141964FB3CA76E1678D3.d.C1B661E89BE5C4D2D99911A0F30AB549.e.96"
}
[1767525937.215][INFO]: [5b79c8d9c3ecc860623d20674c4e003d] COMMAND TypeElement {
   "id": "f.EBD0AB8C9EB7141964FB3CA76E1678D3.d.C1B661E89BE5C4D2D99911A0F30AB549.e.96",
   "text": "17-08-2025",
   "value": [ "1", "7", "-", "0", "8", "-", "2", "0", "2", "5" ]
}
[1767525937.215][INFO]: Waiting for pending navigations...
[1767525937.217][INFO]: Done waiting for pending navigations. Status: ok
[1767525937.278][INFO]: Waiting for pending navigations...
[1767525937.280][INFO]: Done waiting for pending navigations. Status: ok
[1767525937.280][INFO]: [5b79c8d9c3ecc860623d20674c4e003d] RESPONSE TypeElement
[1767525937.287][INFO]: [5b79c8d9c3ecc860623d20674c4e003d] COMMAND FindElement {
   "using": "xpath",
   "value": "//button[@type='submit']"
}
[1767525937.287][INFO]: Waiting for pending navigations...
[1767525937.289][INFO]: Done waiting for pending navigations. Status: ok
[1767525937.299][INFO]: Waiting for pending navigations...
[1767525937.300][INFO]: Done waiting for pending navigations. Status: ok
[1767525937.300][INFO]: [5b79c8d9c3ecc860623d20674c4e003d] RESPONSE FindElement {
   "element-6066-11e4-a52e-4f735466cecf": "f.EBD0AB8C9EB7141964FB3CA76E1678D3.d.C1B661E89BE5C4D2D99911A0F30AB549.e.98"
}
[1767525937.305][INFO]: [5b79c8d9c3ecc860623d20674c4e003d] COMMAND ClickElement {
   "id": "f.EBD0AB8C9EB7141964FB3CA76E1678D3.d.C1B661E89BE5C4D2D99911A0F30AB549.e.98"
}
[1767525937.306][INFO]: Waiting for pending navigations...
[1767525937.307][INFO]: Done waiting for pending navigations. Status: ok
[1767525937.405][INFO]: Waiting for pending navigations...
[1767525937.405][INFO]: Done waiting for pending navigations. Status: unexpected alert open: {Alert text : Video Posted Successfully!}
[1767525937.405][INFO]: [5b79c8d9c3ecc860623d20674c4e003d] RESPONSE ClickElement
[1767525937.414][INFO]: [5b79c8d9c3ecc860623d20674c4e003d] COMMAND GetAlertMessage {
}
[1767525937.415][INFO]: Waiting for pending navigations...
[1767525937.415][INFO]: Done waiting for pending navigations. Status: unexpected alert open: {Alert text : Video Posted Successfully!}
[1767525937.415][INFO]: [5b79c8d9c3ecc860623d20674c4e003d] RESPONSE GetAlertMessage "Video Posted Successfully!"
[1767525937.426][INFO]: [5b79c8d9c3ecc860623d20674c4e003d] COMMAND AcceptAlert {
}
[1767525937.426][INFO]: Waiting for pending navigations...
[1767525937.426][INFO]: Done waiting for pending navigations. Status: unexpected alert open: {Alert text : Video Posted Successfully!}
[1767525937.430][INFO]: [5b79c8d9c3ecc860623d20674c4e003d] RESPONSE AcceptAlert
[1767525937.437][INFO]: [5b79c8d9c3ecc860623d20674c4e003d] COMMAND FindElement {
   "using": "css selector",
   "value": ".video\\-img"
}
[1767525937.437][INFO]: Waiting for pending navigations...
[1767525937.442][INFO]: Done waiting for pending navigations. Status: ok
[1767525937.458][INFO]: Waiting for pending navigations...
[1767525937.460][INFO]: Done waiting for pending navigations. Status: ok
[1767525937.460][INFO]: [5b79c8d9c3ecc860623d20674c4e003d] RESPONSE FindElement {
   "element-6066-11e4-a52e-4f735466cecf": "f.EBD0AB8C9EB7141964FB3CA76E1678D3.d.C1B661E89BE5C4D2D99911A0F30AB549.e.110"
}
[1767525937.469][INFO]: [5b79c8d9c3ecc860623d20674c4e003d] COMMAND ClickElement {
   "id": "f.EBD0AB8C9EB7141964FB3CA76E1678D3.d.C1B661E89BE5C4D2D99911A0F30AB549.e.110"
}
[1767525937.469][INFO]: Waiting for pending navigations...
[1767525937.471][INFO]: Done waiting for pending navigations. Status: ok
[1767525937.592][INFO]: Waiting for pending navigations...
[1767525937.598][INFO]: Done waiting for pending navigations. Status: ok
[1767525937.598][INFO]: [5b79c8d9c3ecc860623d20674c4e003d] RESPONSE ClickElement
[1767525937.603][INFO]: [5b79c8d9c3ecc860623d20674c4e003d] COMMAND FindElement {
   "using": "xpath",
   "value": "//button[@class = 'btn btn-like']"
}
[1767525937.603][INFO]: Waiting for pending navigations...
[1767525937.606][INFO]: Done waiting for pending navigations. Status: ok
[1767525937.619][INFO]: Waiting for pending navigations...
[1767525937.621][INFO]: Done waiting for pending navigations. Status: ok
[1767525937.621][INFO]: [5b79c8d9c3ecc860623d20674c4e003d] RESPONSE FindElement {
   "element-6066-11e4-a52e-4f735466cecf": "f.EBD0AB8C9EB7141964FB3CA76E1678D3.d.C1B661E89BE5C4D2D99911A0F30AB549.e.113"
}
[1767525937.626][INFO]: [5b79c8d9c3ecc860623d20674c4e003d] COMMAND ClickElement {
   "id": "f.EBD0AB8C9EB7141964FB3CA76E1678D3.d.C1B661E89BE5C4D2D99911A0F30AB549.e.113"
}
[1767525937.627][INFO]: Waiting for pending navigations...
[1767525937.629][INFO]: Done waiting for pending navigations. Status: ok
[1767525937.710][INFO]: Waiting for pending navigations...
[1767525937.711][INFO]: Done waiting for pending navigations. Status: ok
[1767525937.711][INFO]: [5b79c8d9c3ecc860623d20674c4e003d] RESPONSE ClickElement
[1767525937.717][INFO]: [5b79c8d9c3ecc860623d20674c4e003d] COMMAND GetElementText {
   "id": "f.EBD0AB8C9EB7141964FB3CA76E1678D3.d.C1B661E89BE5C4D2D99911A0F30AB549.e.113"
}
[1767525937.717][INFO]: Waiting for pending navigations...
[1767525937.719][INFO]: Done waiting for pending navigations. Status: ok
[1767525937.727][INFO]: Waiting for pending navigations...
[1767525937.729][INFO]: Done waiting for pending navigations. Status: ok
[1767525937.729][INFO]: [5b79c8d9c3ecc860623d20674c4e003d] RESPONSE GetElementText "  1"
[1767525937.736][INFO]: [5b79c8d9c3ecc860623d20674c4e003d] COMMAND GetUrl {
}
[1767525937.736][INFO]: Waiting for pending navigations...
[1767525937.738][INFO]: Done waiting for pending navigations. Status: ok
[1767525937.746][INFO]: Waiting for pending navigations...
[1767525937.748][INFO]: Done waiting for pending navigations. Status: ok
[1767525937.748][INFO]: [5b79c8d9c3ecc860623d20674c4e003d] RESPONSE GetUrl "https://xflix-qa.vercel.app/video/60331f421f1d093ab542447a"
[1767525937.756][INFO]: [5b79c8d9c3ecc860623d20674c4e003d] COMMAND GetWindow {
}
[1767525937.757][INFO]: [5b79c8d9c3ecc860623d20674c4e003d] RESPONSE GetWindow "EBD0AB8C9EB7141964FB3CA76E1678D3"
[1767525937.762][INFO]: [5b79c8d9c3ecc860623d20674c4e003d] COMMAND NewWindow {
   "type": "tab"
}
[1767525937.763][INFO]: Waiting for pending navigations...
[1767525937.764][INFO]: Done waiting for pending navigations. Status: ok
[1767525937.803][INFO]: Waiting for pending navigations...
[1767525937.805][INFO]: Done waiting for pending navigations. Status: ok
[1767525937.805][INFO]: [5b79c8d9c3ecc860623d20674c4e003d] RESPONSE NewWindow {
   "handle": "EB6F6934533FAA05D30E45275E89F6EC",
   "type": "tab"
}
[1767525937.811][INFO]: [5b79c8d9c3ecc860623d20674c4e003d] COMMAND SwitchToWindow {
   "handle": "EB6F6934533FAA05D30E45275E89F6EC"
}
[1767525937.840][INFO]: [5b79c8d9c3ecc860623d20674c4e003d] RESPONSE SwitchToWindow
[1767525937.845][INFO]: [5b79c8d9c3ecc860623d20674c4e003d] COMMAND Navigate {
   "url": "https://xflix-qa.vercel.app/video/60331f421f1d093ab542447a"
}
[1767525937.845][INFO]: Waiting for pending navigations...
[1767525937.848][INFO]: Done waiting for pending navigations. Status: ok
[1767525937.940][INFO]: Waiting for pending navigations...
[1767525938.268][INFO]: Done waiting for pending navigations. Status: ok
[1767525938.268][INFO]: [5b79c8d9c3ecc860623d20674c4e003d] RESPONSE Navigate
[1767525938.273][INFO]: [5b79c8d9c3ecc860623d20674c4e003d] COMMAND FindElement {
   "using": "xpath",
   "value": "//button[@class = 'btn btn-like']"
}
[1767525938.273][INFO]: Waiting for pending navigations...
[1767525938.284][INFO]: Done waiting for pending navigations. Status: ok
[1767525938.297][INFO]: Waiting for pending navigations...
[1767525938.298][INFO]: Done waiting for pending navigations. Status: ok
[1767525938.298][INFO]: [5b79c8d9c3ecc860623d20674c4e003d] RESPONSE FindElement {
   "element-6066-11e4-a52e-4f735466cecf": "f.EB6F6934533FAA05D30E45275E89F6EC.d.70FBD660A608D2641CB316D6520D2DA8.e.12"
}
[1767525938.301][INFO]: [5b79c8d9c3ecc860623d20674c4e003d] COMMAND GetElementText {
   "id": "f.EB6F6934533FAA05D30E45275E89F6EC.d.70FBD660A608D2641CB316D6520D2DA8.e.12"
}
[1767525938.301][INFO]: Waiting for pending navigations...
[1767525938.302][INFO]: Done waiting for pending navigations. Status: ok
[1767525938.312][INFO]: Waiting for pending navigations...
[1767525938.313][INFO]: Done waiting for pending navigations. Status: ok
[1767525938.313][INFO]: [5b79c8d9c3ecc860623d20674c4e003d] RESPONSE GetElementText "  1"
[1767525938.330][INFO]: [5b79c8d9c3ecc860623d20674c4e003d] COMMAND Quit {
}
[1767525938.444][INFO]: [5b79c8d9c3ecc860623d20674c4e003d] RESPONSE Quit
